古畑まさのり氏の公開情報を横断して、まず人物特定と一次資料の所在を確認します。その後、案件抽出→時系列復元の順で進めます。当選は2023年4月なので、定例会の質問一覧と会議録の所在を先に洗い出します。本会議の質問一覧はほぼ揃いました。欠けている定例会と、国保・ごみ・民泊など継続案件の一次資料を追います。質問テーマは揃ったので、答弁の中身と本人発信（X・ブログ）を案件単位で拾います。調査時点は2026年9月9日です。会議録全文の機械抽出は区の検索システム制約で完了していないため、本会議質問一覧・本人発信・報道・区資料を一次に近い範囲で復元しています。因果は本人が明示した箇所以外、断定しません。

A. 調査概要
調査対象期間
立候補期（2022年秋〜2023年4月）から調査日（2026年9月9日）まで。議員任期は2023年5月1日〜。

確認した主要情報源

新宿区議会：代表・一般質問一覧、議会年報PDF、委員会名簿、議会中継発言一覧
本人発信：X @Furuhata_SJK、選挙ドットコムブログ、Facebook
区・国の周辺情報：国保前納の厚労省通知、民泊規制報道、産経の機関紙アンケート報道
第三者発信：地域猫活動者、他自治体議員、国会議員との意見交換投稿
調査上の限界（重要）

本会議・委員会の全文会議録を全件精読できていない。答弁の「動詞変化」は本人X・ブログ・報道で確認できた範囲に限定。
予算・決算特別委員会の個別質疑は一部のみ。
区民相談・非公開照会・口頭要望は公開情報に現れない。
2023年5月15日時点で「国籍別滞納世帯数・滞納額」が内部資料として存在した、との本人発言はあるが、当時の原資料は未確認。
B. 政策案件マスターリスト
ID	案件	分野	初回確認	現在Phase	状態	到達点
FURUHATA-001	国民健康保険（外国人未済・前納・入管連携・医療費未払い・マイクロ法人/社保逃れ）	福祉／外国人政策／財政	2023/05/15（データ保有の本人言及）／本会議初出2024/09/19	Phase 6〜7	実施＋継続追跡	区が前納制導入（2026/4〜）、入管連携開始（2026/6〜）。未済額は残存。国政課題との切り分けも継続
FURUHATA-002	地域猫（TNR・公園利用・譲渡支援・都補助終了後）	動物愛護／地域	2024/06/12	Phase 4〜5	継続追跡	公園での許可制管理を区が明言。譲渡支援・都補助後の区単独継続は未確定
FURUHATA-003	路上ごみ・ポイ捨て・ねずみ・百人町夜間安全	環境／治安	2024/09/19	Phase 3〜5	継続追跡	清掃参加と本会議質問が並行。百人町は2026/2に独立テーマ化
FURUHATA-004	政党機関紙勧誘・議員ハラスメント・議会図書室公費購入	行政改革／議会運営	2025/10/17（申し入れ）	Phase 5〜6	一部実施・一部未了	幹事長会確認事項（勧誘・庁舎内集金禁止等）は2026/5。図書室公費購入は2026/6再申し入れ時点で継続
FURUHATA-005	民泊（違法民泊取締・条例改正の手続きと根拠）	観光／住環境	遅くとも2026/03頃（意見書・予算委。本会議2026/06/11）	Phase 5	行政検討〜制度変更準備	区が住宅地原則禁止等を検討。2026/09/08に要望書提出。条例案は未提出
FURUHATA-006	ホストクラブ依存・連絡会・トー横キッズ	治安／青少年	2023/11/29	Phase 2〜3	継続追跡だが本会議頻度低下	2023/11と2024/09に質問。その後は風営法・NPO・薬物側へ分岐
FURUHATA-007	薬物乱用・NPO透明性	治安／福祉	2023/11/29	Phase 2	問題提起〜要望	2025/05/23要望書。その後の制度変更は公開情報上未確認
FURUHATA-008	出産費用	子育て	2023/06/12	Phase 2	停止に近い	2023/06・09、2024/06に質問。以降本会議タイトルから消える
FURUHATA-009	男性育休・仕事と子育ての両立	子育て／労働	2023/06/12	Phase 2	停止に近い	初年度集中。以降は病児保育・ベビーシッターへ再配置
FURUHATA-010	性感染症	保健	2023/09/22	Phase 2	停止	1回質問後、公開上の再質問なし
FURUHATA-011	HPVワクチン	保健	2024/02頃	Phase 2	停止	1回質問後、公開上の継続弱
FURUHATA-012	RSウイルスワクチン	保健	2024/06/12	Phase 2	停止	1回質問後、公開上の継続弱
FURUHATA-013	麻しん対策	保健	2026/04/22（要望）	Phase 5〜6	実施＋検証	緊急対策ワクチン事業（償還払い）開始。接種可能医療機関の見える化を要求
FURUHATA-014	マンション防災	防災	2024/02頃	Phase 2	停止	1回質問後、本会議タイトルから消える
FURUHATA-015	年収の壁	労働／税	2024/11/29	Phase 2	停止	1回質問。国制度中心で区単独の到達点は不明
FURUHATA-016	本庁舎移転	行政改革	2025/06/10	Phase 2	停止または低頻度	1回質問。その後の公開追跡は薄い
FURUHATA-017	風営法改正	治安	2025/06/10	Phase 2	関心表明〜問題提起	国法改正への区の構え確認。区単独制度変更は対象外
FURUHATA-018	火葬場・火葬料金	福祉／行政	2025/09	Phase 2	不明	1回質問。結果の公開確認不足
FURUHATA-019	共同親権	子育て／法務	2025/09	Phase 2	不明	1回質問。結果の公開確認不足
FURUHATA-020	不適切保育・いじめ・性被害	教育／子育て	2026/02/24	Phase 2	問題提起	代表質問1回。追跡の公開情報はまだ薄い
FURUHATA-021	ベビーシッター利用支援・病児保育	子育て	2026/06/11	Phase 2	情報収集〜問題提起	代表質問に初出。008/009の後継テーマの可能性
FURUHATA-022	災害対応における退職自衛官活用	防災	2026/06/11	Phase 1〜2	問題提起	本人が予備自衛官であることは公開事実。政策因果は未確認
FURUHATA-023	歌舞伎町清掃・ポイ捨て現場対応	環境	少なくとも2025年末の清掃参加が確認	Phase 1	現場対応継続	政策化は003と合流
FURUHATA-024	保護司・更生保護	福祉	2026/02/13（映画鑑賞・関心）	Phase 0	関心表明	議会質問は未確認
C. 案件別アクション履歴
以下、重要案件を厚く、単発案件は圧縮する。日付は公開情報で確認できたもの。

FURUHATA-001　国民健康保険（中核案件）
EVENT-001
日付：2023/05/15
イベント種別：情報収集
確認できた事実：本人が後年、「この時点で新宿区の国籍別滞納世帯数・滞納額データは存在する。当時は非公開内部資料として取り扱いを求められた」とXで述べている。
その時点の問題認識：公開同時点の発言は未確認（後年回顧）。
行政側の反応：非公開扱いを求めた、との本人説明。
次のアクションとの関係：因果関係は確認できない。ただし2024年9月以降、本会議で繰り返し取り上げる。
政策進捗：判定不能（当時の公開アクションなし）
情報確度：B（後年の本人発信）／出典：X @Furuhata_SJK

公開情報上の空白
2023年6月〜2024年8月、本会議の質問タイトルに「国民健康保険」は出てこない。この間、内部データ保有と本会議化の間に約16か月ある。

EVENT-002
日付：2024/09/19
イベント種別：一般質問（代表質問）
確認できた事実：令和6年第3回定例会代表質問「国民健康保険について」。国保テーマの本会議初出。
問題認識：国保の持続・公平性（詳細答弁は会議録未精読）。
次のアクション：2定例会連続で再質問。
政策進捗：前進
情報確度：A

EVENT-003
日付：2024/11/29
イベント種別：一般質問
確認できた事実：令和6年第4回定例会「国民健康保険について」。同会で地域猫・年収の壁も質問。
政策進捗：小幅前進（継続）
情報確度：A

EVENT-004
日付：2025/02/25
イベント種別：一般質問
確認できた事実：令和7年第1回定例会「国民健康保険等について」。予算定例会で再掲。
政策進捗：前進
情報確度：A

EVENT-005
日付：2025/03/28頃
イベント種別：SNS発信／行政答弁の本人整理
確認できた事実：本人投稿「永住者を除く外国人国保料の半分以上が支払われていない」。区長と「未済額が区財政に大きな影響」を認識共有したとし、「滞納整理課の設置」「出入国在留管理庁等との情報連携」の答弁を引き出した、と述べる。
行政側の反応（本人整理）：滞納整理課設置・入管連携を行う、との答弁。
次のアクションとの関係：本人は「答弁を引き出した」と因果を主張。会議録原文は未突合。
政策進捗：大きく前進（ただし原文未突合）
情報確度：B

EVENT-006
日付：2025/05/01
イベント種別：SNS発信
確認できた事実：令和5年度、永住者除く外国人の賦課約20億円、収入約8.7億円、未済約11.3億円、収入率約44％を公開。議会だよりを引用。
このイベントで新しく判明したこと：数値が本人チャネルで一般公開された。
政策進捗：前進（可視化）
情報確度：B

EVENT-007
日付：2025/06/10
イベント種別：一般質問
確認できた事実：「国民健康保険と医療費未払いについて」。医療費未払いを国保と接続。
問題認識：保険料未済だけでなく受診後未払いも課題。
政策進捗：前進
情報確度：A

EVENT-008
日付：2025/09（第3回定例会）
イベント種別：一般質問
確認できた事実：「国民健康保険について」再掲。同時に火葬場・共同親権。
政策進捗：変化なし〜小幅前進
情報確度：A

EVENT-009
日付：2025/10/29〜31
イベント種別：外部環境変化（国）
確認できた事実：厚労省が外国人等の国保加入時前納を可能とする条例改正例を自治体へ通知。対象は「前年度1月1日に国内住民登録がない世帯主」で国籍差別にならないよう日本人も含む設計。
古畑のこの時点の認識：11月の発信で「国では前納制の条例案提示が検討／通知。新宿区での条例導入を求める」と述べる。
政策進捗：大きく前進（国が選択肢を公式化）
情報確度：A（国側）／B（古畑の受容）

EVENT-010
日付：2025/11/10
イベント種別：SNS発信
確認できた事実：新宿新聞が未納対策質問を紹介。国籍別・在留資格別の収納率と目標値設定を提案した、と本人が整理。
政策進捗：小幅前進
情報確度：B

EVENT-011
日付：2025/11/26
イベント種別：一般質問
確認できた事実：令和7年第4回定例会「国民健康保険について」。機関紙案件と同時。
政策進捗：継続
情報確度：A

EVENT-012
日付：2025/12頃
イベント種別：一般質問（過去質問の再掲発信）
確認できた事実：法人化・役員報酬調整による社保加入形態変更＝国保料軽減スキームを議会で取り上げた。区答弁は「件数は把握していない。社会保険加入は国制度であり区がコメントする立場にない」。本人は「だから国政で対応してほしい」と整理。
行政側の反応：「コメントする立場にない」
政策進捗：区では後退〜変化なし。論点を国へ移送
情報確度：B

EVENT-013
日付：2026/01/29
イベント種別：SNS発信
確認できた事実：入管連携、転出時納付促進、前納制の条例化検討を列挙。ピン留め投稿では令和6年度外国人賦課約25億、収入約13億、未済約11億。
政策進捗：継続追跡
情報確度：B

EVENT-014
日付：2026/02/24
イベント種別：一般質問
確認できた事実：令和8年第1回定例会「国民健康保険等について」。予算定例会で再掲。
政策進捗：継続
情報確度：A

EVENT-015
日付：2026/04
イベント種別：制度変更
確認できた事実：本人投稿「新宿区では4月から国保料の前納制を導入」。6月から東京入管との連携もスタート、と述べる。新宿新聞2026/4/1号を引用。
行政側：制度実施（本人・新聞。区告示原文は未取得）
政策進捗：大きく前進
情報確度：B〜C（区の一次告示未確認）

EVENT-016
日付：2026/04/12
イベント種別：SNS発信／外部発信
確認できた事実：ABEMA番組で国保逃れをAIで可視化できないか提案。チームみらい安野氏から好意的反応があった、と本人。
政策進捗：変化なし（区制度ではなく技術提案）
情報確度：B

EVENT-017
日付：2026/05/15
イベント種別：情報収集
確認できた事実：衆院議員みねしま侑也氏と「国保逃れ、マイクロ法人、法定外繰入、外国人国保、未納」を意見交換。「どこまでが自治体課題でどこからが国政課題か」を重要と明記。
認識：地方で閉じない問題だと明示。
政策進捗：判定不能（国政接続）
情報確度：B

EVENT-018
日付：2026/06/11
イベント種別：一般質問
確認できた事実：令和8年第2回定例会代表質問の1項目が「国民健康保険等について」。実施後も質問継続。
政策進捗：実施後検証に入った可能性
情報確度：A

実行動がない期間の扱い
本会議では2024年9月以降、確認できたほぼすべての定例会で国保を質問。空白は本会議タイトル上ほぼない。委員会質疑・国保運協（本人が委員）の中身は未復元。

現在地判定：Phase 6〜7
前納と入管連携は「実施時期固定」まで進んだ、と本人は主張。効果検証（収納率の時系列比較）の公開数値は、令和5・6年度未済がなお約11億円規模で残っている、という本人掲示に止まる。

FURUHATA-002　地域猫
EVENT-001 2024/06/12 代表質問「地域猫について」。初出。
EVENT-002 2024/11/29 再質問。
EVENT-003 2025/02/25 再質問（予算定例会）。
公開空白 2025年第2回定例会の本会議タイトルには地域猫なし。
EVENT-004 2025/07〜08 活動者（地域猫食堂）が「古畑を通じて保護譲渡助成の改正を提案している」と発信。荒川区議宮本氏が8月に新宿で連携予定と投稿。
EVENT-005 2025/08/15 荒川区議と新宿区役所で理事者を交えた協議。本人「自治体を超えた意識共有が必須」。
EVENT-006 2025/09/01 港区の保護現場視察。感染症対策（検疫2週間、猫コロナ検査）を記録。
EVENT-007 2025/09頃 決算特別委予定メモ：都の相談支援補助（最大3年）終了後の区単独継続、外国人帰国時のペット放置、増殖速度（1組から2年で80匹）を質問項目化。
EVENT-008 2026/04 啓発プレート無料配布を周知。
EVENT-009 2026/05〜06 活動者とLINE打ち合わせ。落書き看板を「月曜に管轄課へ伝える」と約束した、と活動者が投稿（本人投稿ではない）。
EVENT-010 2026/06頃 予算特別委：区は「適切に管理された地域猫活動は公園利用の一つとして認める」「衛生課の使用許可の下で行う」「問題があれば協議」と答弁。古畑は餌場移動の困難、活動者の清掃貢献、現餌場の継続可否を確認し、協働支援を要望。
EVENT-011 2026/06/11 代表質問。事前投稿の論点：譲渡支援強化、千代田区型制度、猛暑時給水、公園管理両立、「餌やり禁止」看板の分かりやすさ。

現在地：Phase 4〜5
許可制での公園利用は行政側が枠を言語化した。譲渡助成の制度改正・都補助後の区予算は、公開情報上「実施」まで確認できない。

FURUHATA-003／023　ごみ・ねずみ・百人町・清掃
EVENT-001 2024/09/19 「路上のごみについて」。
EVENT-002 2025/06/10 「ごみとねずみについて」。ごみから衛生害獣へ拡張。
EVENT-003 2025/12/18 「年末新宿クリーン大作戦」歌舞伎町参加。「ポイ捨てを防ぐには拾う」。
EVENT-004 2026/02/24 「百人町におけるポイ捨て対策と夜間の安全確保」。地点特定。
空白 2026年第2回定例会タイトルにごみ単独項目なし。民泊・夜間安全へ再配置された可能性。

現在地：Phase 3〜5
制度変更の確認は弱い。現場対応と地点特定質問が中心。

FURUHATA-004　政党機関紙・ハラスメント
EVENT-001 2025/10/17 会派申し入れ（古畑・おやまだ）。根拠は区の管理職アンケート：議員からの機関紙勧誘が8割台半ば、やむを得ず購読が半数、心理的圧力が6割台半ば。産経報道を添付。要求は行動指針、勧誘のパワハラ定義、宣言公表。
EVENT-002 2025/11/26 本会議「議員による職員へのパワハラ・政党機関紙の勧誘について」。
EVENT-003 2025/12/31 コミケ演説「買わない自由」。機関紙を売る自由より買わない自由、と政治コミュニケーション化。
EVENT-004 2026/02/24 本会議「政党機関紙について」再質問。
EVENT-005 2026/05/27 本人「申し入れから半年以上。幹事長会確認事項になった」＝勧誘しない、庁舎内徴収しない、職員に代行させない、配達員は執務スペースに入らない。
EVENT-006 2026/06/19 議会図書室の機関紙等公費購入中止を申し入れ。予算特別委でR9予算執行時までの結論を求めたが購入継続、と本人。維新は人数不足で幹事長会に入れない、とも説明。

現在地：Phase 5〜6（職員勧誘は運用変更、公費購入は未了）

FURUHATA-005　民泊
EVENT-001 2026/03頃 区議会が国へ民泊制度見直し意見書を全会一致可決（渡辺やすし氏発信等。古畑は後に「全会一致で可決している」と引用）。苦情は年間1100件超の報道。
EVENT-002 2026/05/27 区長らが自民党へ適正化要望。本人は「国内住所者限定」「届出から更新つき許可制」を維新でも共有したいと投稿。
EVENT-003 2026/06/11 代表質問「民泊対策について」。
EVENT-004 2026/07 他都市の告発強化事例に「新宿でも参考にしたい」「指導で中止したらやり得」と発信。一方で宿泊確認欠如＝違法断定はできない、とも自戒。
EVENT-005 2026/09/08 区長へ条例改正要望書。要旨：案を速やかに委員会へ、規制の必要性・根拠・数字、既存施設規制時の移行課題、無届実態把握、事業者団体へのパブコメ周知。区方針は住宅地・学校周辺原則禁止、商業地域日数短縮等。
同時点の報道 届出3775件（全国最多級）、25年度苦情1334件、既存約2000件が営業不可になり得る。施行は2027年夏以降目標の報道。

認識の特徴（確認事実）
規制強化そのものへの反対表明は見当たらない。焦点は「禁止の法的根拠と数字を先に出せ」「違法取締の実効性」「委員会審議の前倒し」。

現在地：Phase 5（区が制度変更準備、古畑は手続きと根拠を要求）

FURUHATA-006／007　ホスト・トー横・薬物・NPO
EVENT-001 2023/11/29 「悪質なホストクラブ等への依存」「薬物乱用」。初年度第4回定例会。
EVENT-002 2024/09/19 「ホストクラブとの連絡会やトー横キッズ」。連絡会という既存枠の実効性確認へ。
EVENT-003 2025/05/23 区長へ「NPO法人等の透明性確保と違法薬物対策の強化」要望書。現場支援の安全性、行政との関わり、歌舞伎町を論点。
EVENT-004 2025/06/10 「風営法の改正について」。国法側へ接続。
以降、ホスト単体の本会議タイトルは確認できない。

現在地：Phase 2〜3。停止理由は公開情報上不明。 優先順位が国保・機関紙・民泊へ移った可能性はあるが推測。

FURUHATA-008〜012、014〜019、020〜022、024（圧縮）
案件	時系列の要点	空白と到達
出産費	2023/06、2023/09、2024/06	その後タイトル消滅。国の出産育児一時金改定と重なるが、古畑案件としての因果は未確認
男性育休・両立	2023/06、2023/09	2026/06の病児保育・ベビーシッターが後継の可能性（本人は未説明）
性感染症	2023/09 のみ	停止
HPV	2024/02 のみ	停止
RSV	2024/06 のみ	停止
マンション防災	2024/02 のみ	停止
年収の壁	2024/11 のみ	停止。国制度
本庁舎移転	2025/06 のみ	追跡薄い
火葬・共同親権	2025/09	結果不明
不適切保育等	2026/02	まだ1回
麻しん	2026/04/22要望→06/11質問。接種率R6第1期91.6％・第2期86.8％を根拠に集団免疫未達と主張。緊急対策事業（償還払い）と、72時間以内接種の場所見える化を要求。区は医師会と連携し情報提供に努めると答弁（本人整理）	Phase 5〜6
退職自衛官	2026/06 初出	Phase 1〜2
更生保護	映画鑑賞レベル	Phase 0
D. 答弁変化ログ
全文突合が未了のため、確認できた変化のみ。括弧内は情報確度。

国保

2023/05：「内部資料。非公開扱い」（B・後年本人）
2024/09〜：本会議で質疑開始。この時点の区の動詞は未確認
2025/03頃：「未済は区財政に大きな影響」を区長と共有／滞納整理課設置・入管連携を行う（B）
社保逃れスキーム：「件数把握していない」「区がコメントする立場にない」（B）
2026/04〜06：前納制実施、入管連携開始（B）
実施後も「等について」で質問継続 → 検証フェーズの可能性
地域猫

2024/06時点の答弁原文未確認
2026/06予算委：「公園利用の一つとして認める」＋「衛生課許可の下」＋「問題があれば協議」＋「許可制を維持」（B）
「認める」と「許可で統制する」が同時に出ている。全面禁止でも全面自由でもない。
機関紙

アンケート事実を区が既に把握（管理職集計）
2026/05：幹事長会が運用4項目を確認
2026/06：図書室購入は「協議未了のため継続」状態、と本人
民泊

区は既に改善命令・廃止命令を実施（報道）
2026年夏〜秋：住宅地原則禁止等の条例改正を検討、と区側が先行
古畑要望は「禁止そのもの」より「案の早期提示と数字・根拠」
麻しん

緊急対策事業実施中
質問後：「緊急対策についても医師会等と連携し情報提供に努める」（B）
E. 古畑本人の認識変化ログ
国保

初期（後年説明）：数値が内部に存在する／非公開だった
2024秋〜：本会議で問題化する
2025春：未済額を財政問題として言語化。外国人（永住者除く）の収入率約44％を公開指標にする
2025秋：国籍別・在留資格別の目標値、前納条例
2025冬：マイクロ法人スキームは「区の管轄外。国へ」
2026春：前納・入管連携を「議会で提起した課題が運用になった」と自己評価
2026春〜夏：国保逃れのAI検知、国と地方の切り分け、と手段が区条例の外へ拡張
注意：最初から「前納条例」がゴールだったとは言えない。2024年9月時点の質問全文が未確認で、ゴールの後知恵固定はできない。

地域猫

2024：本会議テーマ化（詳細未確認）
2025：活動者経由の助成改正、他区視察、都補助終了後の持続
2026：不妊去勢だけでなく譲渡で頭数を減らす、公園との共存、看板の分かりやすさ
ホスト／トー横

2023/11：依存・薬物として問題化
2024/09：連絡会の運用へ具体化
2025：NPO透明性・風営法へ分岐
以降、ホスト単体の追跡は弱い
民泊

違法民泊の取締強化には賛成的
同時に、既存施設の一律禁止には「数字と法的根拠と移行課題を先に出せ」と手続き側に立つ
「宿泊確認がない＝違法」単純化を拒否
機関紙

職員アンケートを起点にパワハラ定義へ
「買わない自由」として表現の自由言説に接続
勧誘規制が通った後、図書室の公費購入へ対象を拡張
F. 議会日程との対応
新宿区の定例会リズム（概ね）：第1回2〜3月（予算）、第2回6月、第3回9〜10月（決算）、第4回11〜12月。

定例会	古畑の本会議テーマ
R5-2 2023/06	出産費、男性育休
R5-3 2023/09	両立、男性育休、性感染症
R5-4 2023/11	ホスト依存、薬物
R6-1 2024/02 予算	HPV、マンション防災
R6-2 2024/06	出産費、RSV、地域猫
R6-3 2024/09 決算期	国保初出、路上ごみ、ホスト連絡会・トー横
R6-4 2024/11	国保、地域猫、年収の壁
R7-1 2025/02 予算	国保、地域猫
R7-2 2025/06	本庁舎、風営法、国保・医療費未払い、ごみ・ねずみ
R7-3 2025/09 決算	国保、火葬、共同親権
R7-4 2025/11	パワハラ・機関紙、国保
R8-1 2026/02 予算	不適切保育等、百人町、機関紙、国保
R8-2 2026/06	国保、麻しん、病児保育等、地域猫、退職自衛官、民泊
観察できる位置関係（事実）：

当選から初質問まで約1.5か月（R5-2）。テーマは選挙時の「企業と妊娠・子育て」。
国保は問題データ保有（本人回顧2023/05）から本会議化まで約16か月。
国保は2024年9月以降、確認できた全定例会の本会議に載る。
予算定例会（第1回）でも国保を落とさない。
機関紙は申し入れ（10月）の直後の第4回定例会で本会議化。申し入れ→質問まで約40日。
麻しんは要望（4/22）→次の第2回定例会（6/11）で質問。約50日。
民泊は意見書・区長の国要望が先行し、本会議は2026/06、条例要望は閉会期の9月。
G. 成功案件（制度・運用・予算に触れたもの）
「古畑が単独で実現した」とは書かない。公開上、変化と本人関与が重なるもの。

国保前納制（2026年4月〜）および東京入管連携（2026年6月〜）
本人は議会質問の帰結と主張。同時に2025年10月の厚労省通知という国の窓がある。貢献度の定量は不可。未済約11億円は残存。
政党機関紙の庁舎内運用（2026年5月幹事長会確認）
申し入れから約7か月。図書室購入は未了。
麻しん緊急対策ワクチン事業
区事業の創設者かは不明。本人は要望・質問で「72時間・接種場所の可視化」を後追い要求。
地域猫の公園利用を「許可された活動」として区が言語化
制度新設というより運用の公式化。
民泊
区の規制強化は区長・議会意見書が先行。古畑の9月要望は「改正プロセスの適正化」。成功未確定。
H. 継続案件
001 国保（実施後検証、目標値、国政接続）
002 地域猫（譲渡支援、都補助後の区予算、公園運用）
003 ごみ・百人町
004 機関紙（公費購入）
005 民泊条例
013 麻しん（情報提供体制）
020 不適切保育等
021 病児保育・ベビーシッター
I. 停止・未達案件
案件	区分	理由の書き方
性感染症、HPV、RSV、マンション防災、年収の壁	一度質問後に本会議追跡なし	公開情報上、理由不明
出産費・男性育休	初年度集中後にタイトル消滅	優先順位低下の可能性（推測）。病児保育への再配置は未証明
ホスト単体	2024/09以降タイトルなし	風営法・NPO・薬物へ分岐した可能性（推測）
NPO透明性要望	2025/05以降の制度変化未確認	理由不明
本庁舎移転、火葬、共同親権	単発	結果不明
機関紙の図書室購入中止	未達	幹事長会未決、少数会派は会議体に入れない、と本人
国保のマイクロ法人問題	区では「コメントする立場にない」	所管外として国へ移送
問題が解消した、と確認できる停止案件はほぼない。

J. 古畑型政策進行パターン
複数案件から確認できる共通構造（過度な一般化はしない）。

パターンA（国保型・長尺） 問題の内部数値に触れる → 長期間の非公開／本会議化待ち → 本会議で連続質問（ほぼ毎定例会） → 金額を公開指標化 → 行政に連携・組織・条例を宿題化 → 国の通知や制度窓と重なったタイミングで区が実施 → 実施後も同じタイトルで質問を止めない → 残差は国政・AI・他議員へ接続。

パターンB（機関紙型・議会内） 行政が既に持っているアンケートを起点にする → 会派申し入れ → 直近定例会で本会議化 → 半年単位で確認事項を取る → 通った論点の隣（図書室購入）へ拡張。

パターンC（医療緊急型・麻しん） 専門知（接種率・72時間）を要望書に落とす → 次定例会で質問 → 事業の「存在」ではなく「使える状態」（どこで打てるか）を要求。

パターンD（現場協働型・地域猫） 本会議でテーマ化する → 活動者と継続接触 → 他自治体視察・他区議を入れる → 予算・決算で補助の持続を聞く → 公園管理という所管衝突を言語化させる。

パターンE（初年度探索型） 当選直後は出産・育休・性感染症・ホストなど医師・地域テーマを広く打つ → 1〜2回で打ち切るものと、国保のように固定するものが分かれる。

SNSの使われ方（確認事実） 活動報告と数値の可視化が中心。問題発見の一次ソースとしてSNSを使った痕跡は、地域猫活動者との相互言及以外は弱い。行政圧力というより「数字の公開」と「申し入れ全文の掲示」。

最初の一手 医師領域（ワクチン、出産、性感染症）は本会議が先。国保はデータ保有が先で本会議は遅い。機関紙は申し入れが先で本会議が直後。

K. 反例
「必ずデータを取ってから提案する」は成り立たない。ホスト、本庁舎、共同親権、退職自衛官は、公開数値を示す前に本会議化している。
「いつも複数定例会で進める」も成り立たない。性感染症、HPV、RSV、年収の壁、マンション防災は一回で本会議上は終わる。
「現場訪問が起点」も国保では確認できない。起点は内部統計の可能性が高い。
「他自治体比較を最初から使う」は地域猫（港区視察、千代田区の譲渡支援）では後段。国保前納は国通知が先。
「成果が出たら質問を止める」は国保では当てはまらない。実施後も質問する。
「外国人国保だけを見る人」という外部批判は存在するが、本人は社保逃れ・法定外繰入・国と地方の切り分けにも言及している。ただし本会議の反復回数は外国人未済が突出している。
L. 仮説（事例不足、要検証）
本会議の「固定枠」は1つにほぼ限る。 2024年9月以降の固定枠は国保。2枠目は時期によって地域猫か機関紙か民泊。
打ち切りルールは「区の所管で数字が取れない／国の所管」になると本会議から外す。 年収の壁、社保スキームが候補。
予算定例会でも固定枠を落とさないのは、編成に間に合わせるというより、区長答弁を定期更新するため、という可能性。
少数会派（2人）は幹事長会に入れないため、本会議と文書申し入れとX全文掲載で代替する。
医師アイデンティティ案件（ワクチン）は要望書が速く、生活環境案件は現場・活動者経由が速い。
成功の自己物語化が速い。 前納・入管連携を「議会で提起したから」と短期間で接続する。会議録突合が必要。
M. 追加調査が必要な箇所
新宿区議会会議録検索で、上記全質問の答弁原文（特に国保2024/09〜2026/06、地域猫2024/06、機関紙2025/11、民泊2026/06）。
予算・決算特別委員会の国保特別会計質疑。
国民健康保険運営協議会の議事（本人が委員）。
2023年5月15日付「国籍別滞納」内部資料の開示状況と、公開に至った経緯。
前納制の条例名・施行規則・対象範囲（外国人限定か、厚労省例どおり日本人も含むか）。
滞納整理課の設置時期と所掌。
出産費・育休質問の答弁と、その後打ち切った理由の本人説明の有無。
ホスト連絡会の設置時期と、2024/09答弁の中身。
2025/05 NPO要望書の全文と区の回答文書。
民泊要望書の全文PDFと、今後の委員会提出予定日。
Instagram等、今回十分に追えていないチャネル。
最終監査メモ
成功偏りは避け、一回限りの質問をリストに残した。
前納成功を2023年時点の意図に遡らせていない。
清掃参加やLINE取次など小さい動作も残した。
「質問したから前納された」は本人主張として記録し、厚労省通知と並置した。
Phaseは分析者の便宜分類であり、本人用語ではない。
この調査で最も重要な観察
古畑の政策進行は、初年度の広い医師・子育て探索のあと、2024年秋から国保未済の数値公開と毎定例会再質問に収斂する。行政から引き出すものは最初から条例ではなく、「影響を認識させる」「連携する」「課を置く」「前納を検討する」という動詞である。実施が始まっても質問を止めず、残った穴を国政・他会派・技術提案に渡す。一方で、同じ人物が多数の案件を1回で手放している。将来の工程逆算AIには、「固定枠の作り方」と「打ち切りの条件」を別変数として持たせる必要がある。
