前回ログを正解にせず、抜け・誤認・因果の取り違えを先に洗い出します。公開情報の再確認から入ります。前回ログの最大の誤りは、国保前納を「質問が制度を生んだ」と読める形で置いたことです。区の一次資料では、導入理由は国の提言・骨太・厚労省条例例です。その前提で分岐条件を切り出します。

A. エグゼクティブサマリー
古畑の行動は一本の「データ→質問→制度変更」ではない。観測できるのは、案件の所管・行政の先行度・数値化の可否・反復性を見てルートを切り替えることである。

最重要の修正事実：新宿区の国保前納は、令和8年第1回定例会の第41号議案（国保条例改正）で定められ、施行は2026年4月1日。対象は「賦課年度1月1日に国内住所がない世帯主」で外国人に限らない。区の公式説明は、自民党提言（2025/06/05）、骨太2025（2025/06/13）、厚労省条例参考例（2025/10）を直接の導入根拠にしている。

したがって「毎定例会の質問が前納を実現させた」は、公開一次資料では支持されない。確認できるのは、区が既に動ける国の窓が開いたあと、古畑が数値公開・入管連携・実施後検証・国所管の穴（国保逃れ）へ論点を移したことである。

意思決定の核は次の4分岐である。

区に手を動かせるか
行政はもう案を持っているか
数字で反復する構造か、一回の問題提起で足りるか
次の定例会／条例提出／国通知まで何日あるか
この4つで、データ積上げ・制度設計修正・国接続・短期質問・現場処理が分かれる。人物評（「データ重視の人」）では説明できない。同じ人が、HPVは一回で止め、国保は止めず、民泊では「禁止しろ」ではなく「根拠と数字を出せ」に回る。

B. 前回ログ監査結果
重大な誤認

国保前納を、古畑質問の成果として過大接続した。区資料は国の制度窓を理由にしている。日経は2026/02/06時点で「2026年度から導入」と報じており、2026/02/24の本会議質問は導入決定の後追い側にある。
「滞納整理課設置・入管連携の答弁を引き出した」は本人Xのみ。設置日・所掌の一次確認が未了のまま成果扱いに近かった。
出産費用を「停止」に寄せすぎた。2026/04時点でも厚労省出産ナビで区内病院差を再集計し、保険適用無償化の国会動向を追っている。本会議タイトルから消えたことと、関心の消滅は別である。
欠落

国保運営協議会（古畑は委員）。2026/03/14の第2回で前納が諮問されている。本会議以外の正式チャネルが抜けていた。
第41号議案という条例行為そのもの。
2025/06の国（骨太・与党提言）が、古畑の「待つ／進める」を切った可能性。
出産費用の2026年再発信。
2026/09/01の「国保逃れ」マニフェスト案。区ルートから国情報連携・減収補填へ明確に移行している。
時系列の注意

2023/05/15の内部データ存在は後年回顧。当時の問題認識の一次資料ではない。
ホスト（2023/11）は国保より先。初年度の主戦場は子育て・夜の街で、国保固定は2024/09以降。
分割・統合

003ごみと005民泊は完全別件ではない。苦情の一部は民泊ごみ。ただし古畑は2026/06に民泊を独立項目化したので、分割は妥当。
006ホストと007薬物・NPOは同一クラスタのルート変更として扱った方がよい。
008出産と021病児保育を「後継」と推測したのは未証明。別案件のまま維持。
023清掃は003の現場処理サブルートでよい。
因果

「Aの後にB」を「AがBを起こした」とした箇所：前納、入管連携、機関紙幹事長会確認（申し入れとの時間的近接は事実。他会派・区アンケート・産経報道も同時に動いている）。
Phase

001をPhase 6–7としたのは「実施された」意味では妥当。ただし古畑個人の到達ではなく区・国の到達。
008を停止寄りにしたのは過大。Phase 2の国待ちに修正。
005は区が制度案作成中なのでPhase 5は妥当。古畑の位置は「推進者」より「設計検証者」。
C. 修正版政策案件マスター
ID	案件	初回確認	現在Phase	状態	前回からの修正	確度
001	国保未済・前納・入管・医療費未払い	本会議2024/09/19（データ回顧は2023/05/15）	6（実施）＋別ルートで国接続継続	実施後検証＋国接続	前納の公式根拠を国通知に修正。運協・条例議案を追加	A/B混在
001b	国保逃れ（マイクロ法人・資格跨ぎ）	議会質問（少なくとも2025/12発信で確認）	3（区は所管外）	国接続	001から分離。所管が違う	B
002	地域猫	2024/06/12	4–5	継続	大きな修正なし。公園許可は運用公式化	A
003	路上ごみ・ねずみ・百人町	2024/09/19	3	継続	023をサブルートに編入	A
004	機関紙・ハラスメント・図書室購入	2025/10/17	5–6	一部実施	幹事長会確認は会派申し入れ以外の要因も併記	A
005	民泊条例・違法民泊	本会議2026/06/11（関心はそれ以前）	5	行政先行の設計検証	「古畑発」ではなく区・議会意見書先行と明記	A
006	ホスト・トー横・薬物・NPO・風営法	2023/11/29	2	低頻度継続	006+007+017を一クラスタに統合	B
008	出産費用	2023/06/12	2	本会議低頻度／SNS継続	停止判定を撤回	A
009	男性育休・両立	2023/06/12	2	本会議上は途切れ	変更なし。後継断定は撤回	B
010	性感染症	2023/09/22	2	本会議単発	「終了」ではなく公開追跡途切れ	B
011	HPV	2024/02	2	単発	同上	B
012	RSV	2024/06/12	2	単発	同上	B
013	麻しん	2026/04/22	5–6	事業あり＋可視化要求	変更なし	A
014	マンション防災	2024/02	2	単発	変更なし	B
015	年収の壁	2024/11/29	2	単発・国所管	変更なし	B
016	本庁舎移転	2025/06/10	2	単発	変更なし	B
018	火葬場・料金	2025/09	2	単発	変更なし	C
019	共同親権	2025/09	2	単発	変更なし	C
020	不適切保育・いじめ・性被害	2026/02/24	2	単発〜継続不明	変更なし	B
021	ベビーシッター・病児保育	2026/06/11	2	初出	008/009との統合をしない	A
022	退職自衛官の災害活用	2026/06/11	1–2	初出	変更なし	A
024	更生保護	2026/02/13	0	関心のみ	変更なし	A
削除：023は003へ編入。007・017は006へ編入。

D. 攻略ルート分類
データから出た類型（例示の型に無理に合わせない）。

R1 連続本会議固定枠型
同じタイトルをほぼ毎定例会に置く。001。

R2 国の窓待ち→条例回収型
区が動けない／動く根拠が国にある。国通知・骨太の後に条例・運用が乗る。001の前納部分。008の出産無償化もこの型に近い。

R3 行政先行の設計検証型
区が禁止・条例・事業を先に進める。古畑は「やれ」より根拠・対象・副作用・手続を問う。005、一部の013。

R4 当事者ネットワーク型
活動者・他区議・視察を先に増やし、本会議と委員会で所管衝突を言語化させる。002。

R5 議会内ルール型
相手が区長部局でなく議会・職員関係。申し入れ→本会議→幹事長会。少数会派のため会議体に入れない制約が露出する。004。

R6 専門知の緊急要望型
接種率・72時間など医師知を要望書に落とし、直近定例会で「制度の存在」ではなく「使える状態」を取る。013。

R7 初年度探索・単発提起型
当選直後の権限確認。1回または少数回で本会議から消える。010–012, 014–016, 018–019。

R8 現場処理・非政策化型
清掃参加、看板を課へ伝える、個別調整。003の一部。

R9 所管外確定後の国接続型
区が「コメントする立場にない」と返したあと、国会議員・党マニフェスト・メディアへ移す。001b。

一つの案件がR1→R2→R9のように遷移する。

E. 案件×攻略ルート対応表
案件	主ルート	遷移
001 未済・前納	R1 → R2	2025/06–10の国窓でR2が主になる
001b 国保逃れ	R1の一部 → R9	区答弁「所管外」が切替点
002	R4（本会議は補助）	維持
003	R1的再質問＋R8	地点名（百人町）へ細分化
004	R5	勧誘規制後、図書室へ拡張
005	R3	意見書・区長要望が先行
006	R7始まり → 連絡会確認 → R9気味（風営法）	本会議頻度低下
008	R7 → R2	国の保険適用議論を待つ
009–012,014–016,018–019	R7	遷移なし
013	R6	事業後はR3（運用検証）
020–022	判定不能（新しい）	—
F. Decision Pointログ
DP-001
案件：001
日付：2023/05〜2024/08
Phase：0–1
直前：当選直後。本人後年談では国籍別滞納データが内部にあった。
持っていた情報：内部数値（回顧）。本会議では子育て・ホストを優先。
行政：データを非公開扱い（本人談）。
選択肢：すぐ本会議化／内部で保持／委員会で聞く／公開請求。
実際：本会議タイトルに国保を出さない。
確認事実：R5の本会議テーマは出産・育休・性感染症・ホスト・薬物。
推定：新人1年目は選挙テーマ（仕事と妊娠）と医師領域を先に打った。内部資料の公開制約があった、との本人説明。
選ばれなかった理由：非公開指定下で本会議化すると資料扱いで詰む、はあり得るが一次確認不足。
結果：16か月の本会議空白。
ルート：後から見るとR1の準備期間。当時は探索。
確度：C（空白の理由は未証明）

DP-002
案件：001
日付：2024/09/19
Phase：2
直前：R6-2まで国保タイトルなし。
実際：代表質問の1番に国保を置く。以降ほぼ固定枠。
確認事実：これ以降、確認できた定例会の本会議から国保が消えない。
推定：金額が大きく、毎定例会で答弁を更新できる反復構造だと判断した可能性。
結果：R1開始。
確度：B

DP-003
案件：001
日付：2025/03頃
Phase：3
直前：予算定例会で「国保等」。
実際：未済を財政影響として言語化し、滞納整理課・入管連携という組織・関係機関答弁を本人が「引き出した」と整理。
選択肢：料率引き下げ要求／日本人も含む全体収納率だけ追う／外国人比率の公表要求／組織新設要求。
実際の重心：外国人（永住者除く）の収入率と未済額の公開。
結果：R1強化。数値の公開指標化。
確度：B（答弁原文未突合）

DP-004
案件：001
日付：2025/06–10
Phase：3–5
直前：骨太・与党提言で未納付防止、10月厚労省が前納条例例。
行政：国が「希望する自治体が導入できる」枠を作った。
選択肢：独自条例を区に先に要求し続ける／国例を待って条例化を求める／入管連携だけ追う。
実際：11月に「区での条例導入を求める」＋国籍別目標値。
確認事実：区の運協資料は国例を導入理由に明記。古畑の11月発信は国例を前提に区導入を求めている。
結果：R1からR2へ重心移動。
確度：A（国・区資料）／B（古畑の受容）

DP-005
案件：001
日付：2026/02/06–24
Phase：5–6
直前：日経が新宿の前納導入を報道。R8-1提出議案に条例改正。
選択肢：導入反対／導入を自分の成果として加速要求／実施設計（対象・口座振替・効果測定）を問う。
実際：同定例会で「国保等」を質問しつつ、3月運協で前納が諮問される場に委員として座る。
推定：この時点で「導入させろ」は主目的になりにくい。決まった制度の中身と残差に移るのが合理的。
結果：R2の回収。その後R9（逃れ）が前面化。
確度：B

DP-006
案件：001b
日付：2025/12
Phase：2–3
直前：区にスキームの件数を聞く。
行政：「把握していない」「コメントする立場にない」。
選択肢：再質問で区に調査を強いる／止める／国へ渡す。
実際：答弁をそのまま掲示し「国政で対応してほしい」。2026/09には国の情報連携と減収補填をマニフェスト案にする。
結果：R9へ移行。区宿題チェーンはここで切れる。
確度：A

DP-007
案件：005
日付：2026/09/08
Phase：5
直前：区が住宅地原則禁止等を検討、報道が先行。
選択肢：禁止賛成の先頭に立つ／禁止反対／案の早期委員会提出と根拠数字を要求。
実際：後者。既存施設規制には裏付ける数字、旅館業移行後の課題、違法民泊取締、パブコメ周知。
確認事実：要望要旨そのもの。
結果：R3確定。
確度：A

DP-008
案件：004
日付：2026/05–06
Phase：5–6
直前：幹事長会が勧誘・庁舎内集金を確認事項化。
選択肢：完了宣言して止める／隣の公費支出（図書室）へ拡張。
実際：拡張。少数会派で幹事長会に入れないことも同時に言語化。
結果：R5維持、対象だけずらす。
確度：A

DP-009
案件：002
日付：2026/06 予算委
Phase：4
行政：「認める」かつ「許可制」。
選択肢：全面公認を要求／公園からの排除に反対して終わる／許可条件の運用を協働に寄せる。
実際：餌場移動の困難と活動者の清掃貢献を述べ、問題時は協働、支援を要求。
結果：R4維持。全面制度要求に跳ばない。
確度：A

DP-010
案件：013
日付：2026/04/22→06/11
Phase：1→5
実際：要望書が先、次定例会で質問。事業開始後は「72時間以内にどこで打てるか」。
結果：R6。制度創設者かは不明、運用の可及性を取る。
確度：A

DP-011
案件：010–012等
日付：各初回質問後
実際：再質問しない。
選択肢：毎定例会固定化。選ばず。
推定可能な範囲：国制度（ワクチン定期接種、年収の壁）または単発の問題認識共有で足りたと判断した可能性。証明はない。
結果：R7。
確度：C

G. 次アクション決定変数
実データから残すべき変数。

変数	定義	採用理由
J 所管	区条例・区運用で手が届くか	001bで所管外答弁がルートを切った
A 行政先行度	未認識／調査／案作成／実施	005と001の2026年2月以降で行動が変わる
E 数値化	賦課・未済・接種率など反復指標があるか	001と013は数字を持ち歩く。016にはない
R 反復性	毎期発生する構造か	国保料は毎年度。HPVキャッチアップは期限つき
W 国の窓	通知・骨太・法案・条例例の有無	前納・出産無償化
N 接続先	活動者、他区議、国会議員、運協	002と001b
K 会議体アクセス	幹事長会・運協・予算委に座れるか	004で制約が露出。001は運協会員
U 時間制約	72時間、条例提出、次定例会	013、005
S 副作用	既存事業者、違憲訴訟、差別批判	005の要望に数字と移行課題
削除してよい候補：
「古畑は医師だから医療を選ぶ」は初年度以外を説明しない（固定枠は国保財政）。
Political Feasibilityを独立変数にするほど、賛否分裂の本会議行動は追えていない。

H. 分岐条件
R1に入る条件（中程度）
区所管であり、毎定例会で更新できる指標があり、一度の質問で制度が動かない。

R2に入る条件（強い根拠）
国が条例例・通知を出した、または区資料が国方針を引用している。

R3に入る条件（強い根拠）
区が禁止・条例・事業を先に発表している。古畑の文書が「実施の可否」より「根拠・手続・副作用」。

R4に入る条件（中程度）
明確な現場当事者がおり、所管が衛生と公園などに割れる。

R5に入る条件（強い根拠）
対象が議員・議会事務局・庁舎内慣行。

R6に入る条件（中程度）
医学的時間制約と接種率など専門指標が使える。

R7に入る条件（弱い仮説）
選挙直後の自己紹介的テーマ、または国所管で区宿題が返ってこない。

R8に入る条件（中程度）
地点・看板・清掃など個別に処理できる。

R9に入る条件（強い根拠）
区が所管外と答えた、または制度の穴が保険者を跨ぐ。

I. ルート変更条件
所管外答弁 → R1打ち切り、R9へ。001b。
国が条例例を出した → 独自要求から「国例の区導入」へ。001。
区が制度案を出した → 推進要求から設計検証へ。005。
議会内で一部通った → 隣接する公費・手続へ拡張。004。
事業が始まった → 創設要求からアクセス可視化へ。013。
ホスト単体が動かない → 風営法・NPOへずらし、本会議頻度低下。006。証明は弱い。
J. 継続／停止条件
継続側に共通して観測できるもの：

毎年度または毎定例会で数字が更新される（国保未済、接種率）
区が何か答え続けられる（連携する、許可する、情報提供に努める）
古畑が座れる会議体がある（本会議＋運協／予算・決算）
実施後も残差がある（未済11億、図書室購入継続、違法民泊）
停止・途切れ側：

区の次アクションが「所管外」「新規補助予定なし」で止まり、回収する宿題がない
国の一般制度（HPV定期、年収の壁、育休法制）で区独自の次手が作りにくい
当事者ネットワークが公開上見えない
初年度の探索枠で、固定枠（国保）に席を取られた
「関心が消えた」と断定できる停止は少ない。008のように本会議から消えてSNSだけ残るものがある。公開情報途切れ ≠ 終了。

仮説（中程度）：本会議の固定枠は実質1つ。 2024年9月以降は国保。2つ目は時期で地域猫／機関紙／民泊が入れ替わる。3つ目以降は単発。

K. 待機条件
戦略的待機の可能性が高い

2025/06–10の国保前納：国例待ちと一致。11月から「条例導入」言語が明確化。
008の2024後半以降：出産の保険適用は国の制度設計待ち。2026年も厚労省ナビで区内価格差を再確認。
005の条例要望が9月：区が方針を出した直後に「案を委員会へ」は、先回り禁止要求より待機後の検証。
単なる途切れの可能性が高い

性感染症、HPV、RSV、マンション防災、年収の壁、本庁舎、火葬、共同親権。対応する国通知・区条例・調査完了の公開イベントと一致しない。
2023/05–2024/08の国保本会議空白は、待機とも探索とも言える。内部非公開が理由なら待機、テーマ選定なら探索。未証明。
「何もしない＝戦略」とは判定しない。

L. 議会・予算カレンダーとの関係
確認できること：

第1回定例会（予算・条例）で国保を落とさない。2026年は前納条例と同一会期。
申し入れ（10/17）→直近第4回（11/26）で本会議化。カレンダー逆算が一番きれいなのは004。
麻しん要望（4/22）→第2回（6/11）。次の定例会を使っている。
地域猫は予算委・決算委でも扱う。本会議だけでなく予算工程に載せている。
民泊要望は定例会と定例会の間（9/08）。委員会未提出の案に対し、会期外の文書で手続を急がせる。
確認できないこと：

「予算編成依頼の締切に合わせて資料要求した」一次記録。
質問通告日と行政回答作成期間の逆算メモ。
言える上限：次の定例会を空けることは、固定枠案件では稀。空けるのはR7案件。

M. 行政宿題チェーン
復元できるのは少ない。会議録未精読のため、本人が回収を宣言しているものに限る。

001 Cycle 1（2024/09–2025/03）
目的：未済を財政問題にする。
宿題（本人整理）：影響認識、対策。
回収：未済額の共有、整理課・入管連携の言及。
確度：B

001 Cycle 2（2025/11–2026/04）
目的：前納と目標値。
国側宿題：条例例（厚労省が先に出した）。
区側回収：R8-1条例、4月施行、6月入管連携（本人）。
次宿題：効果検証、国籍別・在留資格別目標。実施後も「国保等」で質問。
確度：A（条例）／B（古畑の回収物語）

001b Cycle（2025/12–2026/09）
目的：スキーム把握。
答弁：把握していない、所管外。
宿題は区に残らず国へ移送。チェーン切断。
確度：A

004 Cycle 1
宿題：行動指針、勧誘禁止、宣言。
回収：幹事長会4項目（勧誘・庁舎内集金等）。指針・宣言の全文確認は弱い。
Cycle 2：図書室購入中止。未回収。
確度：A

002
宿題：公園での継続可否、都補助後の区予算、譲渡支援。
回収：許可制での公園利用という答弁。助成改正・区単独予算は未回収。
確度：B

013
宿題：72時間接種の場所の見える化。
回収：「医師会等と連携し情報提供に努める」。実施確認は部分的。
確度：B

「毎回、前回宿題の回答をタイトルにして回収する」完全形は001以外では弱い。001ですら公式条例理由は国窓であり、宿題チェーンが制度を生んだとは言えない。

N. 答弁動詞進行
教科書的な
把握していない→調査する→研究する→検討する→実施する
は、複数案件では再現できない。

一致に近い：001の前納。ただし「検討する」を古畑質問が一段ずつ上げた記録はなく、国が「導入できる」を出したあと区が「導入する」に跳んでいる。

一致しない：

001b：把握していない → コメントする立場にない。前進せず切断。
002：認める／許可する／協議する、が同時。段階ではない。
005：区はすでに命令・廃止を実施しつつ条例強化。古畑は後から根拠を求める。動詞は「実施中」が先。
004：アンケート既出 → 幹事長会確認。区長部局の実施動詞ではない。
R7案件：一回の答弁で終わり、次の動詞がない。
「次の質問で動詞を一段階進める」と確認できるのは、本人がそう叙述する001の入管連携・前納に限る。原文突合なし。

O. Recognition Update
RU-1 国保
内部に数字がある（回顧）→本会議で財政問題化→外国人未済率を公開指標に→国が前納例を出すと区条例要求に変換→実施後も未済が残るので検証継続→区が触れない資格跨ぎは国の情報連携・減収補填へ。
仮説の破棄：区だけで未済を終わらせられる、は維持していない。

RU-2 民泊
違法は取り締まれ、は維持。
更新：届出確認欠如だけでは違法断定できない。一律禁止には数字と移行先（旅館業）が要る。
「禁止反対」にはなっていない。

RU-3 地域猫
去勢中心 → 譲渡で頭数を減らす、公園と共存、看板の分かりやすさ。
全面排除とも全面公認とも違う位置へ更新。

RU-4 機関紙
職員への圧力問題 → 買わない自由（言論）→ 庁舎運用が動いたら図書室の公費へ。
対象が「行為」から「公費の中立」へ更新。

RU-5 出産
区の負担軽減質問 → 国の保険適用・病院間価格差の監視。
区独自制度要求から、国制度と区内供給維持の監視へ。

固執していない。最初の仮説を条例ゴールに固定しない。ただし国保未済という問題設定自体は2024年9月から固定。

P. 反実仮想テスト
もし2023年時点で滞納データが公開済みだったら
本会議化は早まった可能性。ただし初年度テーマが子育て・ホストだった事実は残る。確度C。
もし厚労省が2025/10に条例例を出さなかったら
区の第41号議案は公式理由を失う。古畑は未済額と入管連携のR1を続けた可能性が高い。前納条例は生まれにくかった。確度B。
もし区が民泊禁止案を出していなかったら
9月要望の中身（案を委員会へ、既存規制の数字）は成立しない。違法取締と国法改正（許可制）のR9/R1になった可能性。確度B。
もし区がスキーム件数を「調査する」と答えたら
001bはR9に行かず、次定例会で件数回収のR1になった可能性。実際は所管外で切れた。確度B。
もし第2回定例会まで2か月なく、翌週が本会議だったら
004と013は「申し入れ／要望 → 直近本会議」を取っているので、同じ順序を圧縮した可能性。国保16か月空白とは違う。確度C。
もし国保に毎定例会分の質問時間が取れなかったら
地域猫・機関紙・民泊のどれかが落ちる、がこれまでの枠の使い方。固定枠は国保が残る仮説。確度C。
Q. 古畑型政策進行ルーティングモデル
人間可読の木。確認できた分岐だけ。

START
  公開できる反復指標があり、区が保険者・規制者として毎期対応するか？
    YES → 本会議固定枠に載せる（R1）
           その後、国が条例例・通知を出したか？
             YES → 区条例・運用として回収（R2）
             NO  → 数値更新と関係機関連携を宿題化して次定例会へ
           区が「所管外／把握不能」と返したか？
             YES → 国会議員・党・国制度へ渡す（R9）
             NO  → R1継続。実施後も残差があれば検証質問
    NO ↓

  相手が議会・議員慣行・庁舎内か？
    YES → 申し入れ → 直近本会議 → 幹事長会（R5）
           一部通れば隣接する公費・手続へ拡張
    NO ↓

  区がすでに禁止・条例・事業を進めているか？
    YES → 実施の可否より根拠・対象・副作用・手続を問う（R3）
    NO ↓

  現場当事者がおり、所管が割れているか？
    YES → 当事者・他区視察・予算決算で運用条件を取る（R4）
    NO ↓

  医学的・災害的に時間が短いか？
    YES → 要望書を先に出し、次定例会で「使える状態」を取る（R6）
    NO ↓

  地点・看板・個別苦情で処理できるか？
    YES → 課へ伝える／現場に立つ（R8）。必要なら本会議で地点名を付ける
    NO ↓

  選挙直後の権限確認、または区宿題が返ってこない国制度か？
    YES → 1回質問して固定枠にはしない（R7）
    NO → 公開情報上、次手が観測されない
これは人格モデルではない。状態を見てルートを選ぶための観測木である。

R. 機械可読ルーティング表
条件	状態	推奨ルート	次アクション	目的	確度
J=区所管, E=高, R=反復, A=未実施	構造問題で数字がある	R1	次定例会で同タイトル再質問	答弁と数値を更新	中
W=国条例例あり, A=導入可能	国窓開放	R2	区条例化・対象範囲の確認	国例を区で回収	強
A=条例案作成中	行政先行	R3	委員会提出、根拠数字、副作用	設計を修正可能にする	強
J=所管外	区が拒否	R9	国会議員・党・国へ論点移送	区チェーン切断後も残す	強
対象=議会慣行	内部規範	R5	申し入れ＋直近本会議	会議体決定を取る	強
N=活動者あり, 所管分裂	現場構造	R4	視察・予算委・許可条件	運用の公式化	中
U=時間制約（感染等）	緊急	R6	要望書→次定例会でアクセス	事業を使える状態にする	中
個別地点	非構造	R8	所管課連絡・現場	個別処理	中
E=低 かつ J=国 かつ 当事者なし	探索・国一般制度	R7	1回提起、固定枠にしない	問題認識の共有まで	弱
実施済みだが残差あり	検証	R1またはR3	効果指標と周知を問う	実施＝完了にしない	中
S. 未確定仮説
本会議固定枠は最大1本という枠制約。
2023年国保空白は非公開指定による待機。
ホスト案件の頻度低下は優先順位の意図的撤退。
予算編成依頼文書を定例会前に出しているか。
運協会員であることが前納諮問の中身に影響したか。発言録未確認。
「成功自己物語」（質問したから導入）を外部向けに先行させる広報戦略の有無。
T. 反例
モデルのR1は「数字があるから続ける」。出産費用は区内50–90万円差という数字があるのに本会議固定枠にならない。国待ち（R2）が勝った反例。
「区所管なら続ける」なら本庁舎移転は続くはず。単発。
「医師案件はR6」ならHPV/RSVも要望書先行のはず。本会議1回で終わる。
「行政先行なら必ずR3」は、区のごみ対策が既にある路上ごみ質問では、設計検証より地点追加（百人町）になっている。
教科書的答弁動詞の階段は再現できない。
U. 最終OSへまだ不足している情報
政策工程生成AIに必要な欠落：

全質問の通告文と答弁原文（宿題の動詞を機械抽出するため）
予算・決算委員会の質疑全文
国保運協の委員発言
質問通告締切日と、実際の通告日
区への事前照会・資料要求の文書
前納導入前後の国籍別・在留資格別収納率
滞納整理課の設置告示
打ち切った案件について本人が理由を書いた記録
同時期の他議員の同一テーマ質問（独走か並行か）
会派2人制約下の質問時間配分ルール
これがないと、AIは「国保型を全ての案件にコピーする」失敗をする。

問いに対する答え
古畑は、案件を見るとまず区で反復して答えさせられるかを見ているように観測される。答えさせられるなら本会議の固定枠に置く。置けないなら、国の窓を待つか、1回提起して枠を空ける。

行政がまだ案を持っていないときは数字と機関連携を宿題にする。行政が案を持ったときは、賛成反対の先頭より根拠・対象・副作用を取る。区が所管外と言ったときは区を責め続けず、国へ渡す。議会内の問題は本会議より文書と幹事長会を先に使う。

次の一手は人格ではなく、所管 × 行政先行度 × 数値の反復 × 国の窓 × 次の定例会までの日数で切れている。成功した前納も、公開一次資料上は国の窓が主エンジンで、古畑の連続質問は並行する監視・可視化レイヤーである。工程AIは、この並行を「因果の一本道」に潰してはならない。
